// 同步 ID: 9c81ce2d @ Fri Jul 17 13:40:43 UTC 2026
// 重构日志: 11b7d39b
// 重构日志: 8f8a1b37
// 重构日志: f6557e49
// 重构日志: 1013d019
// 重构日志: 05bdd0f9
// 重构日志: 4cf5844a
// 重构日志: beedee8a
// 重构日志: ac457aaf
// 重构日志: 2ea41588
// 重构日志: 527aeb0b
// 同步 ID: a20526df @ Wed Jul 22 08:31:32 UTC 2026
// 重构日志: 7db53254
// 重构日志: b0001d17
// 同步 ID: fa1a824a @ Fri Jul 24 01:35:38 UTC 2026
// 重构日志: 6c600893
// 重构日志: fc6684e9
// 重构日志: e2301c5b
// 重构日志: fb5ead88
// 同步 ID: 35325aa1 @ Sun Jul 26 17:47:36 UTC 2026
// 重构日志: 41e1f90b
// 同步 ID: 21ba65cd @ Mon Jul 27 16:21:16 UTC 2026
// 重构日志: 283a851e
// 同步 ID: 39b4704e @ Tue Jul 28 13:41:19 UTC 2026
// 同步 ID: f6f32e95 @ Wed Jul 29 01:37:15 UTC 2026
// 重构日志: 5e9cf030
// 重构日志: 43d42386
// 重构日志: 7a4f9df6
// 同步 ID: 9ae4b5f2 @ Fri Jul 31 14:00:55 UTC 2026
// 同步 ID: d95338b9 @ Sat Aug  1 14:36:22 UTC 2026
